../Core/Src/main.c:42:6:Buzzer_Alert	24	static
../Core/Src/main.c:52:6:HAL_GPIO_EXTI_Callback	16	static
../Core/Src/main.c:58:5:main	80	static
../Core/Src/main.c:148:6:SystemClock_Config	88	static
../Core/Src/main.c:173:6:MX_GPIO_Init	48	static
../Core/Src/main.c:219:6:MX_I2C1_Init	8	static
../Core/Src/main.c:234:6:MX_DMA_Init	16	static
../Core/Src/main.c:272:6:MX_ADC1_Init	24	static
../Core/Src/main.c:293:6:MX_ADC2_Init	24	static
../Core/Src/main.c:314:6:Error_Handler	4	static,ignoring_inline_asm
